ptxas info    : 30 bytes gmem, 240 bytes cmem[4]
ptxas info    : Compiling entry function '_ZN22gemma4_flash_attention41sliding_decode_paged_grouped_split_kernelILb0EEEvPfS1_S1_PK13__nv_bfloat16S4_S4_PKiS6_19Gemma4KvCacheConfigifii' for 'sm_86'
ptxas info    : Function properties for _ZN22gemma4_flash_attention41sliding_decode_paged_grouped_split_kernelILb0EEEvPfS1_S1_PK13__nv_bfloat16S4_S4_PKiS6_19Gemma4KvCacheConfigifii
    0 bytes stack frame, 0 bytes spill stores, 0 bytes spill loads
ptxas info    : Used 32 registers, used 1 barriers, 48 bytes smem, 460 bytes cmem[0]
ptxas info    : Compile time = 36.592 ms
ptxas info    : Compiling entry function '_ZN22gemma4_flash_attention41sliding_decode_paged_grouped_split_kernelILb1EEEvPfS1_S1_PK13__nv_bfloat16S4_S4_PKiS6_19Gemma4KvCacheConfigifii' for 'sm_86'
ptxas info    : Function properties for _ZN22gemma4_flash_attention41sliding_decode_paged_grouped_split_kernelILb1EEEvPfS1_S1_PK13__nv_bfloat16S4_S4_PKiS6_19Gemma4KvCacheConfigifii
    0 bytes stack frame, 0 bytes spill stores, 0 bytes spill loads
ptxas info    : Used 38 registers, used 1 barriers, 1072 bytes smem, 460 bytes cmem[0]
ptxas info    : Compile time = 38.198 ms
ptxas info    : Compiling entry function '_ZN22gemma4_flash_attention28gemma4_flash_fwd_bf16_kernelINS_26Gemma4FlashFwdKernelTraitsILi512ELi32ELi32ELi2EEELb0ELb1EEEvNS_20Gemma4FlashFwdParamsE' for 'sm_86'
ptxas info    : Function properties for _ZN22gemma4_flash_attention28gemma4_flash_fwd_bf16_kernelINS_26Gemma4FlashFwdKernelTraitsILi512ELi32ELi32ELi2EEELb0ELb1EEEvNS_20Gemma4FlashFwdParamsE
    704 bytes stack frame, 1484 bytes spill stores, 1660 bytes spill loads
ptxas info    : Used 255 registers, used 1 barriers, 704 bytes cumulative stack size, 416 bytes cmem[0]
ptxas info    : Compile time = 1508.583 ms
ptxas info    : Compiling entry function '_ZN22gemma4_flash_attention28gemma4_flash_fwd_bf16_kernelINS_26Gemma4FlashFwdKernelTraitsILi512ELi32ELi32ELi2EEELb0ELb0EEEvNS_20Gemma4FlashFwdParamsE' for 'sm_86'
ptxas info    : Function properties for _ZN22gemma4_flash_attention28gemma4_flash_fwd_bf16_kernelINS_26Gemma4FlashFwdKernelTraitsILi512ELi32ELi32ELi2EEELb0ELb0EEEvNS_20Gemma4FlashFwdParamsE
    704 bytes stack frame, 1432 bytes spill stores, 1600 bytes spill loads
ptxas info    : Used 255 registers, used 1 barriers, 704 bytes cumulative stack size, 416 bytes cmem[0]
ptxas info    : Compile time = 1484.366 ms
ptxas info    : Compiling entry function '_ZN22gemma4_flash_attention28gemma4_flash_fwd_bf16_kernelINS_26Gemma4FlashFwdKernelTraitsILi256ELi64ELi64ELi4EEELb1ELb1EEEvNS_20Gemma4FlashFwdParamsE' for 'sm_86'
ptxas info    : Function properties for _ZN22gemma4_flash_attention28gemma4_flash_fwd_bf16_kernelINS_26Gemma4FlashFwdKernelTraitsILi256ELi64ELi64ELi4EEELb1ELb1EEEvNS_20Gemma4FlashFwdParamsE
    0 bytes stack frame, 0 bytes spill stores, 0 bytes spill loads
ptxas info    : Used 244 registers, used 1 barriers, 416 bytes cmem[0]
ptxas info    : Compile time = 1081.781 ms
ptxas info    : Compiling entry function '_ZN22gemma4_flash_attention28gemma4_flash_fwd_bf16_kernelINS_26Gemma4FlashFwdKernelTraitsILi256ELi64ELi64ELi4EEELb1ELb0EEEvNS_20Gemma4FlashFwdParamsE' for 'sm_86'
ptxas info    : Function properties for _ZN22gemma4_flash_attention28gemma4_flash_fwd_bf16_kernelINS_26Gemma4FlashFwdKernelTraitsILi256ELi64ELi64ELi4EEELb1ELb0EEEvNS_20Gemma4FlashFwdParamsE
    0 bytes stack frame, 0 bytes spill stores, 0 bytes spill loads
ptxas info    : Used 245 registers, used 1 barriers, 416 bytes cmem[0]
ptxas info    : Compile time = 1079.297 ms
ptxas info    : Compiling entry function '_ZN22gemma4_flash_attention34sliding_decode_paged_reduce_kernelEP13__nv_bfloat16PKfS3_S3_ii' for 'sm_86'
ptxas info    : Function properties for _ZN22gemma4_flash_attention34sliding_decode_paged_reduce_kernelEP13__nv_bfloat16PKfS3_S3_ii
    0 bytes stack frame, 0 bytes spill stores, 0 bytes spill loads
ptxas info    : Used 26 registers, used 1 barriers, 64 bytes smem, 392 bytes cmem[0]
ptxas info    : Compile time = 32.067 ms
ptxas info    : Compiling entry function '_ZN22gemma4_flash_attention49gemma4_sliding_decode_q_paged_kv_norm_rope_kernelEP13__nv_bfloat16S1_S1_19Gemma4KvCacheConfigPKiS4_iPKS0_S6_S6_S6_S6_PKfS8_' for 'sm_86'
ptxas info    : Function properties for _ZN22gemma4_flash_attention49gemma4_sliding_decode_q_paged_kv_norm_rope_kernelEP13__nv_bfloat16S1_S1_19Gemma4KvCacheConfigPKiS4_iPKS0_S6_S6_S6_S6_PKfS8_
    0 bytes stack frame, 0 bytes spill stores, 0 bytes spill loads
ptxas info    : Used 40 registers, used 0 barriers, 488 bytes cmem[0]
ptxas info    : Compile time = 45.443 ms
ptxas info    : Compiling entry function '_ZN22gemma4_flash_attention35gemma4_sliding_qkv_norm_rope_kernelEP13__nv_bfloat16S1_S1_PKS0_S3_S3_S3_S3_PKfS5_i' for 'sm_86'
ptxas info    : Function properties for _ZN22gemma4_flash_attention35gemma4_sliding_qkv_norm_rope_kernelEP13__nv_bfloat16S1_S1_PKS0_S3_S3_S3_S3_PKfS5_i
    0 bytes stack frame, 0 bytes spill stores, 0 bytes spill loads
ptxas info    : Used 40 registers, used 0 barriers, 436 bytes cmem[0]
ptxas info    : Compile time = 33.662 ms
