ptxas info    : 30 bytes gmem, 240 bytes cmem[4]
ptxas info    : Compiling entry function '_ZN5flash16flash_fwd_kernelI23Flash_fwd_kernel_traitsILi256ELi64ELi64ELi4ELb0ELb0EN7cutlass10bfloat16_tE19Flash_kernel_traitsILi256ELi64ELi64ELi4ES3_EELb0ELb0ELb0ELb0ELb0ELb1ELb0ELb0EEEvNS_16Flash_fwd_paramsE' for 'sm_86'
ptxas info    : Function properties for _ZN5flash16flash_fwd_kernelI23Flash_fwd_kernel_traitsILi256ELi64ELi64ELi4ELb0ELb0EN7cutlass10bfloat16_tE19Flash_kernel_traitsILi256ELi64ELi64ELi4ES3_EELb0ELb0ELb0ELb0ELb0ELb1ELb0ELb0EEEvNS_16Flash_fwd_paramsE
    0 bytes stack frame, 0 bytes spill stores, 0 bytes spill loads
ptxas info    : Used 254 registers, used 1 barriers, 824 bytes cmem[0]
ptxas info    : Compile time = 652.507 ms
ptxas info    : Compiling entry function '_ZN5flash16flash_fwd_kernelI23Flash_fwd_kernel_traitsILi256ELi64ELi64ELi4ELb0ELb0EN7cutlass10bfloat16_tE19Flash_kernel_traitsILi256ELi64ELi64ELi4ES3_EELb0ELb0ELb0ELb0ELb0ELb0ELb0ELb0EEEvNS_16Flash_fwd_paramsE' for 'sm_86'
ptxas info    : Function properties for _ZN5flash16flash_fwd_kernelI23Flash_fwd_kernel_traitsILi256ELi64ELi64ELi4ELb0ELb0EN7cutlass10bfloat16_tE19Flash_kernel_traitsILi256ELi64ELi64ELi4ES3_EELb0ELb0ELb0ELb0ELb0ELb0ELb0ELb0EEEvNS_16Flash_fwd_paramsE
    80 bytes stack frame, 76 bytes spill stores, 76 bytes spill loads
ptxas info    : Used 255 registers, used 1 barriers, 80 bytes cumulative stack size, 824 bytes cmem[0]
ptxas info    : Compile time = 838.402 ms
ptxas info    : Compiling entry function '_ZN5flash16flash_fwd_kernelI23Flash_fwd_kernel_traitsILi256ELi64ELi64ELi4ELb0ELb0EN7cutlass10bfloat16_tE19Flash_kernel_traitsILi256ELi64ELi64ELi4ES3_EELb0ELb0ELb0ELb1ELb0ELb0ELb0ELb0EEEvNS_16Flash_fwd_paramsE' for 'sm_86'
ptxas info    : Function properties for _ZN5flash16flash_fwd_kernelI23Flash_fwd_kernel_traitsILi256ELi64ELi64ELi4ELb0ELb0EN7cutlass10bfloat16_tE19Flash_kernel_traitsILi256ELi64ELi64ELi4ES3_EELb0ELb0ELb0ELb1ELb0ELb0ELb0ELb0EEEvNS_16Flash_fwd_paramsE
    80 bytes stack frame, 76 bytes spill stores, 84 bytes spill loads
ptxas info    : Used 255 registers, used 1 barriers, 80 bytes cumulative stack size, 824 bytes cmem[0]
ptxas info    : Compile time = 864.865 ms
ptxas info    : Compiling entry function '_ZN5flash16flash_fwd_kernelI23Flash_fwd_kernel_traitsILi256ELi64ELi64ELi4ELb0ELb0EN7cutlass10bfloat16_tE19Flash_kernel_traitsILi256ELi64ELi64ELi4ES3_EELb0ELb0ELb1ELb0ELb0ELb1ELb0ELb0EEEvNS_16Flash_fwd_paramsE' for 'sm_86'
ptxas info    : Function properties for _ZN5flash16flash_fwd_kernelI23Flash_fwd_kernel_traitsILi256ELi64ELi64ELi4ELb0ELb0EN7cutlass10bfloat16_tE19Flash_kernel_traitsILi256ELi64ELi64ELi4ES3_EELb0ELb0ELb1ELb0ELb0ELb1ELb0ELb0EEEvNS_16Flash_fwd_paramsE
    0 bytes stack frame, 0 bytes spill stores, 0 bytes spill loads
ptxas info    : Used 255 registers, used 1 barriers, 824 bytes cmem[0]
ptxas info    : Compile time = 1075.025 ms
ptxas info    : Compiling entry function '_ZN5flash16flash_fwd_kernelI23Flash_fwd_kernel_traitsILi256ELi64ELi64ELi4ELb0ELb0EN7cutlass10bfloat16_tE19Flash_kernel_traitsILi256ELi64ELi64ELi4ES3_EELb0ELb0ELb1ELb0ELb0ELb0ELb0ELb0EEEvNS_16Flash_fwd_paramsE' for 'sm_86'
ptxas info    : Function properties for _ZN5flash16flash_fwd_kernelI23Flash_fwd_kernel_traitsILi256ELi64ELi64ELi4ELb0ELb0EN7cutlass10bfloat16_tE19Flash_kernel_traitsILi256ELi64ELi64ELi4ES3_EELb0ELb0ELb1ELb0ELb0ELb0ELb0ELb0EEEvNS_16Flash_fwd_paramsE
    56 bytes stack frame, 56 bytes spill stores, 56 bytes spill loads
ptxas info    : Used 255 registers, used 1 barriers, 56 bytes cumulative stack size, 824 bytes cmem[0]
ptxas info    : Compile time = 1219.191 ms
ptxas info    : Compiling entry function '_ZN5flash16flash_fwd_kernelI23Flash_fwd_kernel_traitsILi256ELi64ELi64ELi4ELb0ELb0EN7cutlass10bfloat16_tE19Flash_kernel_traitsILi256ELi64ELi64ELi4ES3_EELb0ELb0ELb1ELb1ELb0ELb0ELb0ELb0EEEvNS_16Flash_fwd_paramsE' for 'sm_86'
ptxas info    : Function properties for _ZN5flash16flash_fwd_kernelI23Flash_fwd_kernel_traitsILi256ELi64ELi64ELi4ELb0ELb0EN7cutlass10bfloat16_tE19Flash_kernel_traitsILi256ELi64ELi64ELi4ES3_EELb0ELb0ELb1ELb1ELb0ELb0ELb0ELb0EEEvNS_16Flash_fwd_paramsE
    48 bytes stack frame, 52 bytes spill stores, 48 bytes spill loads
ptxas info    : Used 255 registers, used 1 barriers, 48 bytes cumulative stack size, 824 bytes cmem[0]
ptxas info    : Compile time = 1356.258 ms
ptxas info    : Compiling entry function '_ZN5flash16flash_fwd_kernelI23Flash_fwd_kernel_traitsILi256ELi128ELi64ELi8ELb0ELb0EN7cutlass10bfloat16_tE19Flash_kernel_traitsILi256ELi128ELi64ELi8ES3_EELb0ELb0ELb0ELb0ELb0ELb1ELb0ELb0EEEvNS_16Flash_fwd_paramsE' for 'sm_86'
ptxas info    : Function properties for _ZN5flash16flash_fwd_kernelI23Flash_fwd_kernel_traitsILi256ELi128ELi64ELi8ELb0ELb0EN7cutlass10bfloat16_tE19Flash_kernel_traitsILi256ELi128ELi64ELi8ES3_EELb0ELb0ELb0ELb0ELb0ELb1ELb0ELb0EEEvNS_16Flash_fwd_paramsE
    0 bytes stack frame, 0 bytes spill stores, 0 bytes spill loads
ptxas info    : Used 254 registers, used 1 barriers, 824 bytes cmem[0]
ptxas info    : Compile time = 604.879 ms
ptxas info    : Compiling entry function '_ZN5flash16flash_fwd_kernelI23Flash_fwd_kernel_traitsILi256ELi128ELi64ELi8ELb0ELb0EN7cutlass10bfloat16_tE19Flash_kernel_traitsILi256ELi128ELi64ELi8ES3_EELb0ELb0ELb0ELb0ELb0ELb0ELb0ELb0EEEvNS_16Flash_fwd_paramsE' for 'sm_86'
ptxas info    : Function properties for _ZN5flash16flash_fwd_kernelI23Flash_fwd_kernel_traitsILi256ELi128ELi64ELi8ELb0ELb0EN7cutlass10bfloat16_tE19Flash_kernel_traitsILi256ELi128ELi64ELi8ES3_EELb0ELb0ELb0ELb0ELb0ELb0ELb0ELb0EEEvNS_16Flash_fwd_paramsE
    16 bytes stack frame, 16 bytes spill stores, 16 bytes spill loads
ptxas info    : Used 255 registers, used 1 barriers, 16 bytes cumulative stack size, 824 bytes cmem[0]
ptxas info    : Compile time = 826.890 ms
ptxas info    : Compiling entry function '_ZN5flash16flash_fwd_kernelI23Flash_fwd_kernel_traitsILi256ELi128ELi64ELi8ELb0ELb0EN7cutlass10bfloat16_tE19Flash_kernel_traitsILi256ELi128ELi64ELi8ES3_EELb0ELb0ELb0ELb1ELb0ELb0ELb0ELb0EEEvNS_16Flash_fwd_paramsE' for 'sm_86'
ptxas info    : Function properties for _ZN5flash16flash_fwd_kernelI23Flash_fwd_kernel_traitsILi256ELi128ELi64ELi8ELb0ELb0EN7cutlass10bfloat16_tE19Flash_kernel_traitsILi256ELi128ELi64ELi8ES3_EELb0ELb0ELb0ELb1ELb0ELb0ELb0ELb0EEEvNS_16Flash_fwd_paramsE
    72 bytes stack frame, 72 bytes spill stores, 84 bytes spill loads
ptxas info    : Used 255 registers, used 1 barriers, 72 bytes cumulative stack size, 824 bytes cmem[0]
ptxas info    : Compile time = 902.554 ms
ptxas info    : Compiling entry function '_ZN5flash16flash_fwd_kernelI23Flash_fwd_kernel_traitsILi256ELi128ELi64ELi8ELb0ELb0EN7cutlass10bfloat16_tE19Flash_kernel_traitsILi256ELi128ELi64ELi8ES3_EELb0ELb0ELb1ELb0ELb0ELb1ELb0ELb0EEEvNS_16Flash_fwd_paramsE' for 'sm_86'
ptxas info    : Function properties for _ZN5flash16flash_fwd_kernelI23Flash_fwd_kernel_traitsILi256ELi128ELi64ELi8ELb0ELb0EN7cutlass10bfloat16_tE19Flash_kernel_traitsILi256ELi128ELi64ELi8ES3_EELb0ELb0ELb1ELb0ELb0ELb1ELb0ELb0EEEvNS_16Flash_fwd_paramsE
    80 bytes stack frame, 104 bytes spill stores, 172 bytes spill loads
ptxas info    : Used 255 registers, used 1 barriers, 80 bytes cumulative stack size, 824 bytes cmem[0]
ptxas info    : Compile time = 1474.691 ms
ptxas info    : Compiling entry function '_ZN5flash16flash_fwd_kernelI23Flash_fwd_kernel_traitsILi256ELi128ELi64ELi8ELb0ELb0EN7cutlass10bfloat16_tE19Flash_kernel_traitsILi256ELi128ELi64ELi8ES3_EELb0ELb0ELb1ELb0ELb0ELb0ELb0ELb0EEEvNS_16Flash_fwd_paramsE' for 'sm_86'
ptxas info    : Function properties for _ZN5flash16flash_fwd_kernelI23Flash_fwd_kernel_traitsILi256ELi128ELi64ELi8ELb0ELb0EN7cutlass10bfloat16_tE19Flash_kernel_traitsILi256ELi128ELi64ELi8ES3_EELb0ELb0ELb1ELb0ELb0ELb0ELb0ELb0EEEvNS_16Flash_fwd_paramsE
    104 bytes stack frame, 128 bytes spill stores, 208 bytes spill loads
ptxas info    : Used 255 registers, used 1 barriers, 104 bytes cumulative stack size, 824 bytes cmem[0]
ptxas info    : Compile time = 1581.367 ms
ptxas info    : Compiling entry function '_ZN5flash16flash_fwd_kernelI23Flash_fwd_kernel_traitsILi256ELi128ELi64ELi8ELb0ELb0EN7cutlass10bfloat16_tE19Flash_kernel_traitsILi256ELi128ELi64ELi8ES3_EELb0ELb0ELb1ELb1ELb0ELb0ELb0ELb0EEEvNS_16Flash_fwd_paramsE' for 'sm_86'
ptxas info    : Function properties for _ZN5flash16flash_fwd_kernelI23Flash_fwd_kernel_traitsILi256ELi128ELi64ELi8ELb0ELb0EN7cutlass10bfloat16_tE19Flash_kernel_traitsILi256ELi128ELi64ELi8ES3_EELb0ELb0ELb1ELb1ELb0ELb0ELb0ELb0EEEvNS_16Flash_fwd_paramsE
    152 bytes stack frame, 188 bytes spill stores, 268 bytes spill loads
ptxas info    : Used 255 registers, used 1 barriers, 152 bytes cumulative stack size, 824 bytes cmem[0]
ptxas info    : Compile time = 1742.687 ms
ptxas info    : Compiling entry function '_ZN5flash16flash_fwd_kernelI23Flash_fwd_kernel_traitsILi256ELi64ELi64ELi4ELb0ELb0EN7cutlass10bfloat16_tE19Flash_kernel_traitsILi256ELi64ELi64ELi4ES3_EELb1ELb0ELb0ELb0ELb0ELb0ELb0ELb0EEEvNS_16Flash_fwd_paramsE' for 'sm_86'
ptxas info    : Function properties for _ZN5flash16flash_fwd_kernelI23Flash_fwd_kernel_traitsILi256ELi64ELi64ELi4ELb0ELb0EN7cutlass10bfloat16_tE19Flash_kernel_traitsILi256ELi64ELi64ELi4ES3_EELb1ELb0ELb0ELb0ELb0ELb0ELb0ELb0EEEvNS_16Flash_fwd_paramsE
    56 bytes stack frame, 60 bytes spill stores, 72 bytes spill loads
ptxas info    : Used 255 registers, used 1 barriers, 56 bytes cumulative stack size, 824 bytes cmem[0]
ptxas info    : Compile time = 952.015 ms
ptxas info    : Compiling entry function '_ZN5flash16flash_fwd_kernelI23Flash_fwd_kernel_traitsILi256ELi64ELi64ELi4ELb0ELb0EN7cutlass10bfloat16_tE19Flash_kernel_traitsILi256ELi64ELi64ELi4ES3_EELb1ELb0ELb1ELb0ELb0ELb0ELb0ELb0EEEvNS_16Flash_fwd_paramsE' for 'sm_86'
ptxas info    : Function properties for _ZN5flash16flash_fwd_kernelI23Flash_fwd_kernel_traitsILi256ELi64ELi64ELi4ELb0ELb0EN7cutlass10bfloat16_tE19Flash_kernel_traitsILi256ELi64ELi64ELi4ES3_EELb1ELb0ELb1ELb0ELb0ELb0ELb0ELb0EEEvNS_16Flash_fwd_paramsE
    64 bytes stack frame, 64 bytes spill stores, 64 bytes spill loads
ptxas info    : Used 255 registers, used 1 barriers, 64 bytes cumulative stack size, 824 bytes cmem[0]
ptxas info    : Compile time = 1426.518 ms
ptxas info    : Compiling entry function '_ZN5flash16flash_fwd_kernelI23Flash_fwd_kernel_traitsILi256ELi64ELi64ELi4ELb0ELb0EN7cutlass10bfloat16_tE19Flash_kernel_traitsILi256ELi64ELi64ELi4ES3_EELb1ELb0ELb0ELb0ELb0ELb1ELb0ELb0EEEvNS_16Flash_fwd_paramsE' for 'sm_86'
ptxas info    : Function properties for _ZN5flash16flash_fwd_kernelI23Flash_fwd_kernel_traitsILi256ELi64ELi64ELi4ELb0ELb0EN7cutlass10bfloat16_tE19Flash_kernel_traitsILi256ELi64ELi64ELi4ES3_EELb1ELb0ELb0ELb0ELb0ELb1ELb0ELb0EEEvNS_16Flash_fwd_paramsE
    56 bytes stack frame, 52 bytes spill stores, 52 bytes spill loads
ptxas info    : Used 255 registers, used 1 barriers, 56 bytes cumulative stack size, 824 bytes cmem[0]
ptxas info    : Compile time = 845.911 ms
ptxas info    : Compiling entry function '_ZN5flash16flash_fwd_kernelI23Flash_fwd_kernel_traitsILi256ELi64ELi64ELi4ELb0ELb0EN7cutlass10bfloat16_tE19Flash_kernel_traitsILi256ELi64ELi64ELi4ES3_EELb0ELb0ELb0ELb0ELb0ELb1ELb1ELb0EEEvNS_16Flash_fwd_paramsE' for 'sm_86'
ptxas info    : Function properties for _ZN5flash16flash_fwd_kernelI23Flash_fwd_kernel_traitsILi256ELi64ELi64ELi4ELb0ELb0EN7cutlass10bfloat16_tE19Flash_kernel_traitsILi256ELi64ELi64ELi4ES3_EELb0ELb0ELb0ELb0ELb0ELb1ELb1ELb0EEEvNS_16Flash_fwd_paramsE
    8 bytes stack frame, 8 bytes spill stores, 8 bytes spill loads
ptxas info    : Used 255 registers, used 1 barriers, 8 bytes cumulative stack size, 824 bytes cmem[0]
ptxas info    : Compile time = 746.635 ms
ptxas info    : Compiling entry function '_ZN5flash16flash_fwd_kernelI23Flash_fwd_kernel_traitsILi256ELi64ELi64ELi4ELb0ELb0EN7cutlass10bfloat16_tE19Flash_kernel_traitsILi256ELi64ELi64ELi4ES3_EELb1ELb0ELb0ELb1ELb0ELb0ELb0ELb0EEEvNS_16Flash_fwd_paramsE' for 'sm_86'
ptxas info    : Function properties for _ZN5flash16flash_fwd_kernelI23Flash_fwd_kernel_traitsILi256ELi64ELi64ELi4ELb0ELb0EN7cutlass10bfloat16_tE19Flash_kernel_traitsILi256ELi64ELi64ELi4ES3_EELb1ELb0ELb0ELb1ELb0ELb0ELb0ELb0EEEvNS_16Flash_fwd_paramsE
    120 bytes stack frame, 116 bytes spill stores, 132 bytes spill loads
ptxas info    : Used 255 registers, used 1 barriers, 120 bytes cumulative stack size, 824 bytes cmem[0]
ptxas info    : Compile time = 1005.477 ms
ptxas info    : Compiling entry function '_ZN5flash16flash_fwd_kernelI23Flash_fwd_kernel_traitsILi256ELi64ELi64ELi4ELb0ELb0EN7cutlass10bfloat16_tE19Flash_kernel_traitsILi256ELi64ELi64ELi4ES3_EELb1ELb0ELb0ELb0ELb0ELb0ELb0ELb1EEEvNS_16Flash_fwd_paramsE' for 'sm_86'
ptxas info    : Function properties for _ZN5flash16flash_fwd_kernelI23Flash_fwd_kernel_traitsILi256ELi64ELi64ELi4ELb0ELb0EN7cutlass10bfloat16_tE19Flash_kernel_traitsILi256ELi64ELi64ELi4ES3_EELb1ELb0ELb0ELb0ELb0ELb0ELb0ELb1EEEvNS_16Flash_fwd_paramsE
    136 bytes stack frame, 156 bytes spill stores, 160 bytes spill loads
ptxas info    : Used 255 registers, used 1 barriers, 136 bytes cumulative stack size, 824 bytes cmem[0]
ptxas info    : Compile time = 1131.148 ms
ptxas info    : Compiling entry function '_ZN5flash16flash_fwd_kernelI23Flash_fwd_kernel_traitsILi256ELi64ELi64ELi4ELb0ELb0EN7cutlass10bfloat16_tE19Flash_kernel_traitsILi256ELi64ELi64ELi4ES3_EELb0ELb0ELb0ELb0ELb0ELb0ELb1ELb0EEEvNS_16Flash_fwd_paramsE' for 'sm_86'
ptxas info    : Function properties for _ZN5flash16flash_fwd_kernelI23Flash_fwd_kernel_traitsILi256ELi64ELi64ELi4ELb0ELb0EN7cutlass10bfloat16_tE19Flash_kernel_traitsILi256ELi64ELi64ELi4ES3_EELb0ELb0ELb0ELb0ELb0ELb0ELb1ELb0EEEvNS_16Flash_fwd_paramsE
    96 bytes stack frame, 104 bytes spill stores, 120 bytes spill loads
ptxas info    : Used 255 registers, used 1 barriers, 96 bytes cumulative stack size, 824 bytes cmem[0]
ptxas info    : Compile time = 820.156 ms
ptxas info    : Compiling entry function '_ZN5flash16flash_fwd_kernelI23Flash_fwd_kernel_traitsILi256ELi64ELi64ELi4ELb0ELb0EN7cutlass10bfloat16_tE19Flash_kernel_traitsILi256ELi64ELi64ELi4ES3_EELb1ELb0ELb0ELb1ELb0ELb0ELb0ELb1EEEvNS_16Flash_fwd_paramsE' for 'sm_86'
ptxas info    : Function properties for _ZN5flash16flash_fwd_kernelI23Flash_fwd_kernel_traitsILi256ELi64ELi64ELi4ELb0ELb0EN7cutlass10bfloat16_tE19Flash_kernel_traitsILi256ELi64ELi64ELi4ES3_EELb1ELb0ELb0ELb1ELb0ELb0ELb0ELb1EEEvNS_16Flash_fwd_paramsE
    136 bytes stack frame, 152 bytes spill stores, 156 bytes spill loads
ptxas info    : Used 255 registers, used 1 barriers, 136 bytes cumulative stack size, 824 bytes cmem[0]
ptxas info    : Compile time = 1158.615 ms
ptxas info    : Compiling entry function '_ZN5flash16flash_fwd_kernelI23Flash_fwd_kernel_traitsILi256ELi64ELi64ELi4ELb0ELb0EN7cutlass10bfloat16_tE19Flash_kernel_traitsILi256ELi64ELi64ELi4ES3_EELb0ELb0ELb0ELb1ELb0ELb0ELb1ELb0EEEvNS_16Flash_fwd_paramsE' for 'sm_86'
ptxas info    : Function properties for _ZN5flash16flash_fwd_kernelI23Flash_fwd_kernel_traitsILi256ELi64ELi64ELi4ELb0ELb0EN7cutlass10bfloat16_tE19Flash_kernel_traitsILi256ELi64ELi64ELi4ES3_EELb0ELb0ELb0ELb1ELb0ELb0ELb1ELb0EEEvNS_16Flash_fwd_paramsE
    120 bytes stack frame, 136 bytes spill stores, 152 bytes spill loads
ptxas info    : Used 255 registers, used 1 barriers, 120 bytes cumulative stack size, 824 bytes cmem[0]
ptxas info    : Compile time = 887.132 ms
ptxas info    : Compiling entry function '_ZN5flash16flash_fwd_kernelI23Flash_fwd_kernel_traitsILi256ELi64ELi64ELi4ELb0ELb0EN7cutlass10bfloat16_tE19Flash_kernel_traitsILi256ELi64ELi64ELi4ES3_EELb1ELb0ELb1ELb0ELb0ELb1ELb0ELb0EEEvNS_16Flash_fwd_paramsE' for 'sm_86'
ptxas info    : Function properties for _ZN5flash16flash_fwd_kernelI23Flash_fwd_kernel_traitsILi256ELi64ELi64ELi4ELb0ELb0EN7cutlass10bfloat16_tE19Flash_kernel_traitsILi256ELi64ELi64ELi4ES3_EELb1ELb0ELb1ELb0ELb0ELb1ELb0ELb0EEEvNS_16Flash_fwd_paramsE
    128 bytes stack frame, 144 bytes spill stores, 180 bytes spill loads
ptxas info    : Used 255 registers, used 1 barriers, 128 bytes cumulative stack size, 824 bytes cmem[0]
ptxas info    : Compile time = 1266.882 ms
ptxas info    : Compiling entry function '_ZN5flash16flash_fwd_kernelI23Flash_fwd_kernel_traitsILi256ELi64ELi64ELi4ELb0ELb0EN7cutlass10bfloat16_tE19Flash_kernel_traitsILi256ELi64ELi64ELi4ES3_EELb0ELb0ELb1ELb0ELb0ELb1ELb1ELb0EEEvNS_16Flash_fwd_paramsE' for 'sm_86'
ptxas info    : Function properties for _ZN5flash16flash_fwd_kernelI23Flash_fwd_kernel_traitsILi256ELi64ELi64ELi4ELb0ELb0EN7cutlass10bfloat16_tE19Flash_kernel_traitsILi256ELi64ELi64ELi4ES3_EELb0ELb0ELb1ELb0ELb0ELb1ELb1ELb0EEEvNS_16Flash_fwd_paramsE
    8 bytes stack frame, 12 bytes spill stores, 8 bytes spill loads
ptxas info    : Used 255 registers, used 1 barriers, 8 bytes cumulative stack size, 824 bytes cmem[0]
ptxas info    : Compile time = 1127.639 ms
ptxas info    : Compiling entry function '_ZN5flash16flash_fwd_kernelI23Flash_fwd_kernel_traitsILi256ELi64ELi64ELi4ELb0ELb0EN7cutlass10bfloat16_tE19Flash_kernel_traitsILi256ELi64ELi64ELi4ES3_EELb1ELb0ELb1ELb1ELb0ELb0ELb0ELb0EEEvNS_16Flash_fwd_paramsE' for 'sm_86'
ptxas info    : Function properties for _ZN5flash16flash_fwd_kernelI23Flash_fwd_kernel_traitsILi256ELi64ELi64ELi4ELb0ELb0EN7cutlass10bfloat16_tE19Flash_kernel_traitsILi256ELi64ELi64ELi4ES3_EELb1ELb0ELb1ELb1ELb0ELb0ELb0ELb0EEEvNS_16Flash_fwd_paramsE
    80 bytes stack frame, 80 bytes spill stores, 80 bytes spill loads
ptxas info    : Used 255 registers, used 1 barriers, 80 bytes cumulative stack size, 824 bytes cmem[0]
ptxas info    : Compile time = 1476.090 ms
ptxas info    : Compiling entry function '_ZN5flash16flash_fwd_kernelI23Flash_fwd_kernel_traitsILi256ELi64ELi64ELi4ELb0ELb0EN7cutlass10bfloat16_tE19Flash_kernel_traitsILi256ELi64ELi64ELi4ES3_EELb1ELb0ELb1ELb0ELb0ELb0ELb0ELb1EEEvNS_16Flash_fwd_paramsE' for 'sm_86'
ptxas info    : Function properties for _ZN5flash16flash_fwd_kernelI23Flash_fwd_kernel_traitsILi256ELi64ELi64ELi4ELb0ELb0EN7cutlass10bfloat16_tE19Flash_kernel_traitsILi256ELi64ELi64ELi4ES3_EELb1ELb0ELb1ELb0ELb0ELb0ELb0ELb1EEEvNS_16Flash_fwd_paramsE
    400 bytes stack frame, 408 bytes spill stores, 476 bytes spill loads
ptxas info    : Used 255 registers, used 1 barriers, 400 bytes cumulative stack size, 824 bytes cmem[0]
ptxas info    : Compile time = 1830.564 ms
ptxas info    : Compiling entry function '_ZN5flash16flash_fwd_kernelI23Flash_fwd_kernel_traitsILi256ELi64ELi64ELi4ELb0ELb0EN7cutlass10bfloat16_tE19Flash_kernel_traitsILi256ELi64ELi64ELi4ES3_EELb0ELb0ELb1ELb0ELb0ELb0ELb1ELb0EEEvNS_16Flash_fwd_paramsE' for 'sm_86'
ptxas info    : Function properties for _ZN5flash16flash_fwd_kernelI23Flash_fwd_kernel_traitsILi256ELi64ELi64ELi4ELb0ELb0EN7cutlass10bfloat16_tE19Flash_kernel_traitsILi256ELi64ELi64ELi4ES3_EELb0ELb0ELb1ELb0ELb0ELb0ELb1ELb0EEEvNS_16Flash_fwd_paramsE
    56 bytes stack frame, 56 bytes spill stores, 56 bytes spill loads
ptxas info    : Used 255 registers, used 1 barriers, 56 bytes cumulative stack size, 824 bytes cmem[0]
ptxas info    : Compile time = 1230.961 ms
ptxas info    : Compiling entry function '_ZN5flash16flash_fwd_kernelI23Flash_fwd_kernel_traitsILi256ELi64ELi64ELi4ELb0ELb0EN7cutlass10bfloat16_tE19Flash_kernel_traitsILi256ELi64ELi64ELi4ES3_EELb1ELb0ELb1ELb1ELb0ELb0ELb0ELb1EEEvNS_16Flash_fwd_paramsE' for 'sm_86'
ptxas info    : Function properties for _ZN5flash16flash_fwd_kernelI23Flash_fwd_kernel_traitsILi256ELi64ELi64ELi4ELb0ELb0EN7cutlass10bfloat16_tE19Flash_kernel_traitsILi256ELi64ELi64ELi4ES3_EELb1ELb0ELb1ELb1ELb0ELb0ELb0ELb1EEEvNS_16Flash_fwd_paramsE
    368 bytes stack frame, 350 bytes spill stores, 426 bytes spill loads
ptxas info    : Used 255 registers, used 1 barriers, 368 bytes cumulative stack size, 824 bytes cmem[0]
ptxas info    : Compile time = 1955.943 ms
ptxas info    : Compiling entry function '_ZN5flash16flash_fwd_kernelI23Flash_fwd_kernel_traitsILi256ELi64ELi64ELi4ELb0ELb0EN7cutlass10bfloat16_tE19Flash_kernel_traitsILi256ELi64ELi64ELi4ES3_EELb0ELb0ELb1ELb1ELb0ELb0ELb1ELb0EEEvNS_16Flash_fwd_paramsE' for 'sm_86'
ptxas info    : Function properties for _ZN5flash16flash_fwd_kernelI23Flash_fwd_kernel_traitsILi256ELi64ELi64ELi4ELb0ELb0EN7cutlass10bfloat16_tE19Flash_kernel_traitsILi256ELi64ELi64ELi4ES3_EELb0ELb0ELb1ELb1ELb0ELb0ELb1ELb0EEEvNS_16Flash_fwd_paramsE
    40 bytes stack frame, 40 bytes spill stores, 40 bytes spill loads
ptxas info    : Used 255 registers, used 1 barriers, 40 bytes cumulative stack size, 824 bytes cmem[0]
ptxas info    : Compile time = 1366.909 ms
ptxas info    : Compiling entry function '_ZN5flash16flash_fwd_kernelI23Flash_fwd_kernel_traitsILi256ELi128ELi64ELi8ELb0ELb0EN7cutlass10bfloat16_tE19Flash_kernel_traitsILi256ELi128ELi64ELi8ES3_EELb1ELb0ELb0ELb0ELb0ELb0ELb0ELb0EEEvNS_16Flash_fwd_paramsE' for 'sm_86'
ptxas info    : Function properties for _ZN5flash16flash_fwd_kernelI23Flash_fwd_kernel_traitsILi256ELi128ELi64ELi8ELb0ELb0EN7cutlass10bfloat16_tE19Flash_kernel_traitsILi256ELi128ELi64ELi8ES3_EELb1ELb0ELb0ELb0ELb0ELb0ELb0ELb0EEEvNS_16Flash_fwd_paramsE
    112 bytes stack frame, 112 bytes spill stores, 132 bytes spill loads
ptxas info    : Used 255 registers, used 1 barriers, 112 bytes cumulative stack size, 824 bytes cmem[0]
ptxas info    : Compile time = 894.865 ms
ptxas info    : Compiling entry function '_ZN5flash16flash_fwd_kernelI23Flash_fwd_kernel_traitsILi256ELi128ELi64ELi8ELb0ELb0EN7cutlass10bfloat16_tE19Flash_kernel_traitsILi256ELi128ELi64ELi8ES3_EELb1ELb0ELb1ELb0ELb0ELb0ELb0ELb0EEEvNS_16Flash_fwd_paramsE' for 'sm_86'
ptxas info    : Function properties for _ZN5flash16flash_fwd_kernelI23Flash_fwd_kernel_traitsILi256ELi128ELi64ELi8ELb0ELb0EN7cutlass10bfloat16_tE19Flash_kernel_traitsILi256ELi128ELi64ELi8ES3_EELb1ELb0ELb1ELb0ELb0ELb0ELb0ELb0EEEvNS_16Flash_fwd_paramsE
    64 bytes stack frame, 112 bytes spill stores, 112 bytes spill loads
ptxas info    : Used 255 registers, used 1 barriers, 64 bytes cumulative stack size, 824 bytes cmem[0]
ptxas info    : Compile time = 1742.806 ms
ptxas info    : Compiling entry function '_ZN5flash16flash_fwd_kernelI23Flash_fwd_kernel_traitsILi256ELi128ELi64ELi8ELb0ELb0EN7cutlass10bfloat16_tE19Flash_kernel_traitsILi256ELi128ELi64ELi8ES3_EELb1ELb0ELb0ELb0ELb0ELb1ELb0ELb0EEEvNS_16Flash_fwd_paramsE' for 'sm_86'
ptxas info    : Function properties for _ZN5flash16flash_fwd_kernelI23Flash_fwd_kernel_traitsILi256ELi128ELi64ELi8ELb0ELb0EN7cutlass10bfloat16_tE19Flash_kernel_traitsILi256ELi128ELi64ELi8ES3_EELb1ELb0ELb0ELb0ELb0ELb1ELb0ELb0EEEvNS_16Flash_fwd_paramsE
    16 bytes stack frame, 16 bytes spill stores, 16 bytes spill loads
ptxas info    : Used 254 registers, used 1 barriers, 16 bytes cumulative stack size, 824 bytes cmem[0]
ptxas info    : Compile time = 806.830 ms
ptxas info    : Compiling entry function '_ZN5flash16flash_fwd_kernelI23Flash_fwd_kernel_traitsILi256ELi128ELi64ELi8ELb0ELb0EN7cutlass10bfloat16_tE19Flash_kernel_traitsILi256ELi128ELi64ELi8ES3_EELb0ELb0ELb0ELb0ELb0ELb1ELb1ELb0EEEvNS_16Flash_fwd_paramsE' for 'sm_86'
ptxas info    : Function properties for _ZN5flash16flash_fwd_kernelI23Flash_fwd_kernel_traitsILi256ELi128ELi64ELi8ELb0ELb0EN7cutlass10bfloat16_tE19Flash_kernel_traitsILi256ELi128ELi64ELi8ES3_EELb0ELb0ELb0ELb0ELb0ELb1ELb1ELb0EEEvNS_16Flash_fwd_paramsE
    8 bytes stack frame, 8 bytes spill stores, 8 bytes spill loads
ptxas info    : Used 255 registers, used 1 barriers, 8 bytes cumulative stack size, 824 bytes cmem[0]
ptxas info    : Compile time = 709.555 ms
ptxas info    : Compiling entry function '_ZN5flash16flash_fwd_kernelI23Flash_fwd_kernel_traitsILi256ELi128ELi64ELi8ELb0ELb0EN7cutlass10bfloat16_tE19Flash_kernel_traitsILi256ELi128ELi64ELi8ES3_EELb1ELb0ELb0ELb1ELb0ELb0ELb0ELb0EEEvNS_16Flash_fwd_paramsE' for 'sm_86'
ptxas info    : Function properties for _ZN5flash16flash_fwd_kernelI23Flash_fwd_kernel_traitsILi256ELi128ELi64ELi8ELb0ELb0EN7cutlass10bfloat16_tE19Flash_kernel_traitsILi256ELi128ELi64ELi8ES3_EELb1ELb0ELb0ELb1ELb0ELb0ELb0ELb0EEEvNS_16Flash_fwd_paramsE
    64 bytes stack frame, 64 bytes spill stores, 84 bytes spill loads
ptxas info    : Used 255 registers, used 1 barriers, 64 bytes cumulative stack size, 824 bytes cmem[0]
ptxas info    : Compile time = 978.344 ms
ptxas info    : Compiling entry function '_ZN5flash16flash_fwd_kernelI23Flash_fwd_kernel_traitsILi256ELi128ELi64ELi8ELb0ELb0EN7cutlass10bfloat16_tE19Flash_kernel_traitsILi256ELi128ELi64ELi8ES3_EELb1ELb0ELb0ELb0ELb0ELb0ELb0ELb1EEEvNS_16Flash_fwd_paramsE' for 'sm_86'
ptxas info    : Function properties for _ZN5flash16flash_fwd_kernelI23Flash_fwd_kernel_traitsILi256ELi128ELi64ELi8ELb0ELb0EN7cutlass10bfloat16_tE19Flash_kernel_traitsILi256ELi128ELi64ELi8ES3_EELb1ELb0ELb0ELb0ELb0ELb0ELb0ELb1EEEvNS_16Flash_fwd_paramsE
    112 bytes stack frame, 128 bytes spill stores, 124 bytes spill loads
ptxas info    : Used 255 registers, used 1 barriers, 112 bytes cumulative stack size, 824 bytes cmem[0]
ptxas info    : Compile time = 1140.036 ms
ptxas info    : Compiling entry function '_ZN5flash16flash_fwd_kernelI23Flash_fwd_kernel_traitsILi256ELi128ELi64ELi8ELb0ELb0EN7cutlass10bfloat16_tE19Flash_kernel_traitsILi256ELi128ELi64ELi8ES3_EELb0ELb0ELb0ELb0ELb0ELb0ELb1ELb0EEEvNS_16Flash_fwd_paramsE' for 'sm_86'
ptxas info    : Function properties for _ZN5flash16flash_fwd_kernelI23Flash_fwd_kernel_traitsILi256ELi128ELi64ELi8ELb0ELb0EN7cutlass10bfloat16_tE19Flash_kernel_traitsILi256ELi128ELi64ELi8ES3_EELb0ELb0ELb0ELb0ELb0ELb0ELb1ELb0EEEvNS_16Flash_fwd_paramsE
    32 bytes stack frame, 36 bytes spill stores, 36 bytes spill loads
ptxas info    : Used 255 registers, used 1 barriers, 32 bytes cumulative stack size, 824 bytes cmem[0]
ptxas info    : Compile time = 787.419 ms
ptxas info    : Compiling entry function '_ZN5flash16flash_fwd_kernelI23Flash_fwd_kernel_traitsILi256ELi128ELi64ELi8ELb0ELb0EN7cutlass10bfloat16_tE19Flash_kernel_traitsILi256ELi128ELi64ELi8ES3_EELb1ELb0ELb0ELb1ELb0ELb0ELb0ELb1EEEvNS_16Flash_fwd_paramsE' for 'sm_86'
ptxas info    : Function properties for _ZN5flash16flash_fwd_kernelI23Flash_fwd_kernel_traitsILi256ELi128ELi64ELi8ELb0ELb0EN7cutlass10bfloat16_tE19Flash_kernel_traitsILi256ELi128ELi64ELi8ES3_EELb1ELb0ELb0ELb1ELb0ELb0ELb0ELb1EEEvNS_16Flash_fwd_paramsE
    112 bytes stack frame, 136 bytes spill stores, 132 bytes spill loads
ptxas info    : Used 255 registers, used 1 barriers, 112 bytes cumulative stack size, 824 bytes cmem[0]
ptxas info    : Compile time = 1156.635 ms
ptxas info    : Compiling entry function '_ZN5flash16flash_fwd_kernelI23Flash_fwd_kernel_traitsILi256ELi128ELi64ELi8ELb0ELb0EN7cutlass10bfloat16_tE19Flash_kernel_traitsILi256ELi128ELi64ELi8ES3_EELb0ELb0ELb0ELb1ELb0ELb0ELb1ELb0EEEvNS_16Flash_fwd_paramsE' for 'sm_86'
ptxas info    : Function properties for _ZN5flash16flash_fwd_kernelI23Flash_fwd_kernel_traitsILi256ELi128ELi64ELi8ELb0ELb0EN7cutlass10bfloat16_tE19Flash_kernel_traitsILi256ELi128ELi64ELi8ES3_EELb0ELb0ELb0ELb1ELb0ELb0ELb1ELb0EEEvNS_16Flash_fwd_paramsE
    72 bytes stack frame, 76 bytes spill stores, 92 bytes spill loads
ptxas info    : Used 255 registers, used 1 barriers, 72 bytes cumulative stack size, 824 bytes cmem[0]
ptxas info    : Compile time = 866.845 ms
ptxas info    : Compiling entry function '_ZN5flash16flash_fwd_kernelI23Flash_fwd_kernel_traitsILi256ELi128ELi64ELi8ELb0ELb0EN7cutlass10bfloat16_tE19Flash_kernel_traitsILi256ELi128ELi64ELi8ES3_EELb1ELb0ELb1ELb0ELb0ELb1ELb0ELb0EEEvNS_16Flash_fwd_paramsE' for 'sm_86'
ptxas info    : Function properties for _ZN5flash16flash_fwd_kernelI23Flash_fwd_kernel_traitsILi256ELi128ELi64ELi8ELb0ELb0EN7cutlass10bfloat16_tE19Flash_kernel_traitsILi256ELi128ELi64ELi8ES3_EELb1ELb0ELb1ELb0ELb0ELb1ELb0ELb0EEEvNS_16Flash_fwd_paramsE
    120 bytes stack frame, 144 bytes spill stores, 212 bytes spill loads
ptxas info    : Used 255 registers, used 1 barriers, 120 bytes cumulative stack size, 824 bytes cmem[0]
ptxas info    : Compile time = 1687.719 ms
ptxas info    : Compiling entry function '_ZN5flash16flash_fwd_kernelI23Flash_fwd_kernel_traitsILi256ELi128ELi64ELi8ELb0ELb0EN7cutlass10bfloat16_tE19Flash_kernel_traitsILi256ELi128ELi64ELi8ES3_EELb0ELb0ELb1ELb0ELb0ELb1ELb1ELb0EEEvNS_16Flash_fwd_paramsE' for 'sm_86'
ptxas info    : Function properties for _ZN5flash16flash_fwd_kernelI23Flash_fwd_kernel_traitsILi256ELi128ELi64ELi8ELb0ELb0EN7cutlass10bfloat16_tE19Flash_kernel_traitsILi256ELi128ELi64ELi8ES3_EELb0ELb0ELb1ELb0ELb0ELb1ELb1ELb0EEEvNS_16Flash_fwd_paramsE
    8 bytes stack frame, 16 bytes spill stores, 8 bytes spill loads
ptxas info    : Used 255 registers, used 1 barriers, 8 bytes cumulative stack size, 824 bytes cmem[0]
ptxas info    : Compile time = 1477.712 ms
ptxas info    : Compiling entry function '_ZN5flash16flash_fwd_kernelI23Flash_fwd_kernel_traitsILi256ELi128ELi64ELi8ELb0ELb0EN7cutlass10bfloat16_tE19Flash_kernel_traitsILi256ELi128ELi64ELi8ES3_EELb1ELb0ELb1ELb1ELb0ELb0ELb0ELb0EEEvNS_16Flash_fwd_paramsE' for 'sm_86'
ptxas info    : Function properties for _ZN5flash16flash_fwd_kernelI23Flash_fwd_kernel_traitsILi256ELi128ELi64ELi8ELb0ELb0EN7cutlass10bfloat16_tE19Flash_kernel_traitsILi256ELi128ELi64ELi8ES3_EELb1ELb0ELb1ELb1ELb0ELb0ELb0ELb0EEEvNS_16Flash_fwd_paramsE
    80 bytes stack frame, 80 bytes spill stores, 80 bytes spill loads
ptxas info    : Used 255 registers, used 1 barriers, 80 bytes cumulative stack size, 824 bytes cmem[0]
ptxas info    : Compile time = 1924.518 ms
ptxas info    : Compiling entry function '_ZN5flash16flash_fwd_kernelI23Flash_fwd_kernel_traitsILi256ELi128ELi64ELi8ELb0ELb0EN7cutlass10bfloat16_tE19Flash_kernel_traitsILi256ELi128ELi64ELi8ES3_EELb1ELb0ELb1ELb0ELb0ELb0ELb0ELb1EEEvNS_16Flash_fwd_paramsE' for 'sm_86'
ptxas info    : Function properties for _ZN5flash16flash_fwd_kernelI23Flash_fwd_kernel_traitsILi256ELi128ELi64ELi8ELb0ELb0EN7cutlass10bfloat16_tE19Flash_kernel_traitsILi256ELi128ELi64ELi8ES3_EELb1ELb0ELb1ELb0ELb0ELb0ELb0ELb1EEEvNS_16Flash_fwd_paramsE
    424 bytes stack frame, 550 bytes spill stores, 674 bytes spill loads
ptxas info    : Used 255 registers, used 1 barriers, 424 bytes cumulative stack size, 824 bytes cmem[0]
ptxas info    : Compile time = 2582.388 ms
ptxas info    : Compiling entry function '_ZN5flash16flash_fwd_kernelI23Flash_fwd_kernel_traitsILi256ELi128ELi64ELi8ELb0ELb0EN7cutlass10bfloat16_tE19Flash_kernel_traitsILi256ELi128ELi64ELi8ES3_EELb0ELb0ELb1ELb0ELb0ELb0ELb1ELb0EEEvNS_16Flash_fwd_paramsE' for 'sm_86'
ptxas info    : Function properties for _ZN5flash16flash_fwd_kernelI23Flash_fwd_kernel_traitsILi256ELi128ELi64ELi8ELb0ELb0EN7cutlass10bfloat16_tE19Flash_kernel_traitsILi256ELi128ELi64ELi8ES3_EELb0ELb0ELb1ELb0ELb0ELb0ELb1ELb0EEEvNS_16Flash_fwd_paramsE
    104 bytes stack frame, 128 bytes spill stores, 208 bytes spill loads
ptxas info    : Used 255 registers, used 1 barriers, 104 bytes cumulative stack size, 824 bytes cmem[0]
ptxas info    : Compile time = 1658.965 ms
ptxas info    : Compiling entry function '_ZN5flash16flash_fwd_kernelI23Flash_fwd_kernel_traitsILi256ELi128ELi64ELi8ELb0ELb0EN7cutlass10bfloat16_tE19Flash_kernel_traitsILi256ELi128ELi64ELi8ES3_EELb1ELb0ELb1ELb1ELb0ELb0ELb0ELb1EEEvNS_16Flash_fwd_paramsE' for 'sm_86'
ptxas info    : Function properties for _ZN5flash16flash_fwd_kernelI23Flash_fwd_kernel_traitsILi256ELi128ELi64ELi8ELb0ELb0EN7cutlass10bfloat16_tE19Flash_kernel_traitsILi256ELi128ELi64ELi8ES3_EELb1ELb0ELb1ELb1ELb0ELb0ELb0ELb1EEEvNS_16Flash_fwd_paramsE
    536 bytes stack frame, 0 bytes spill stores, 0 bytes spill loads
ptxas info    : Used 255 registers, used 1 barriers, 536 bytes cumulative stack size, 824 bytes cmem[0]
ptxas info    : Compile time = 2926.510 ms
ptxas info    : Function properties for _ZN5flash22compute_attn_1rowblockI23Flash_fwd_kernel_traitsILi256ELi128ELi64ELi8ELb0ELb0EN7cutlass10bfloat16_tE19Flash_kernel_traitsILi256ELi128ELi64ELi8ES3_EELb1ELb0ELb1ELb1ELb0ELb0ELb0ELb1ENS_16Flash_fwd_paramsEEEvRKT8_iii
    0 bytes stack frame, 674 bytes spill stores, 872 bytes spill loads
ptxas info    : Compiling entry function '_ZN5flash16flash_fwd_kernelI23Flash_fwd_kernel_traitsILi256ELi128ELi64ELi8ELb0ELb0EN7cutlass10bfloat16_tE19Flash_kernel_traitsILi256ELi128ELi64ELi8ES3_EELb0ELb0ELb1ELb1ELb0ELb0ELb1ELb0EEEvNS_16Flash_fwd_paramsE' for 'sm_86'
ptxas info    : Function properties for _ZN5flash16flash_fwd_kernelI23Flash_fwd_kernel_traitsILi256ELi128ELi64ELi8ELb0ELb0EN7cutlass10bfloat16_tE19Flash_kernel_traitsILi256ELi128ELi64ELi8ES3_EELb0ELb0ELb1ELb1ELb0ELb0ELb1ELb0EEEvNS_16Flash_fwd_paramsE
    152 bytes stack frame, 188 bytes spill stores, 268 bytes spill loads
ptxas info    : Used 255 registers, used 1 barriers, 152 bytes cumulative stack size, 824 bytes cmem[0]
ptxas info    : Compile time = 1843.271 ms
