ptxas info    : 28 bytes gmem, 224 bytes cmem[4]
ptxas info    : Compiling entry function '_ZN22gemma4_flash_attention28gemma4_flash_fwd_bf16_kernelINS_26Gemma4FlashFwdKernelTraitsILi512ELi32ELi32ELi2EEELb0ELb1EEEvNS_20Gemma4FlashFwdParamsE' for 'sm_86'
ptxas info    : Function properties for _ZN22gemma4_flash_attention28gemma4_flash_fwd_bf16_kernelINS_26Gemma4FlashFwdKernelTraitsILi512ELi32ELi32ELi2EEELb0ELb1EEEvNS_20Gemma4FlashFwdParamsE
    704 bytes stack frame, 1488 bytes spill stores, 1664 bytes spill loads
ptxas info    : Used 255 registers, used 1 barriers, 704 bytes cumulative stack size, 416 bytes cmem[0]
ptxas info    : Compile time = 1255.170 ms
ptxas info    : Compiling entry function '_ZN22gemma4_flash_attention28gemma4_flash_fwd_bf16_kernelINS_26Gemma4FlashFwdKernelTraitsILi512ELi32ELi32ELi2EEELb0ELb0EEEvNS_20Gemma4FlashFwdParamsE' for 'sm_86'
ptxas info    : Function properties for _ZN22gemma4_flash_attention28gemma4_flash_fwd_bf16_kernelINS_26Gemma4FlashFwdKernelTraitsILi512ELi32ELi32ELi2EEELb0ELb0EEEvNS_20Gemma4FlashFwdParamsE
    704 bytes stack frame, 1436 bytes spill stores, 1604 bytes spill loads
ptxas info    : Used 255 registers, used 1 barriers, 704 bytes cumulative stack size, 416 bytes cmem[0]
ptxas info    : Compile time = 1255.302 ms
ptxas info    : Compiling entry function '_ZN22gemma4_flash_attention28gemma4_flash_fwd_bf16_kernelINS_26Gemma4FlashFwdKernelTraitsILi256ELi64ELi64ELi4EEELb1ELb1EEEvNS_20Gemma4FlashFwdParamsE' for 'sm_86'
ptxas info    : Function properties for _ZN22gemma4_flash_attention28gemma4_flash_fwd_bf16_kernelINS_26Gemma4FlashFwdKernelTraitsILi256ELi64ELi64ELi4EEELb1ELb1EEEvNS_20Gemma4FlashFwdParamsE
    0 bytes stack frame, 0 bytes spill stores, 0 bytes spill loads
ptxas info    : Used 244 registers, used 1 barriers, 416 bytes cmem[0]
ptxas info    : Compile time = 1015.648 ms
ptxas info    : Compiling entry function '_ZN22gemma4_flash_attention28gemma4_flash_fwd_bf16_kernelINS_26Gemma4FlashFwdKernelTraitsILi256ELi64ELi64ELi4EEELb1ELb0EEEvNS_20Gemma4FlashFwdParamsE' for 'sm_86'
ptxas info    : Function properties for _ZN22gemma4_flash_attention28gemma4_flash_fwd_bf16_kernelINS_26Gemma4FlashFwdKernelTraitsILi256ELi64ELi64ELi4EEELb1ELb0EEEvNS_20Gemma4FlashFwdParamsE
    0 bytes stack frame, 0 bytes spill stores, 0 bytes spill loads
ptxas info    : Used 245 registers, used 1 barriers, 416 bytes cmem[0]
ptxas info    : Compile time = 946.327 ms
ptxas info    : Compiling entry function '_ZN22gemma4_flash_attention49gemma4_sliding_decode_q_paged_kv_norm_rope_kernelEP13__nv_bfloat16S1_S1_19Gemma4KvCacheConfigPKiS4_iPKS0_S6_S6_S6_S6_PKfS8_' for 'sm_86'
ptxas info    : Function properties for _ZN22gemma4_flash_attention49gemma4_sliding_decode_q_paged_kv_norm_rope_kernelEP13__nv_bfloat16S1_S1_19Gemma4KvCacheConfigPKiS4_iPKS0_S6_S6_S6_S6_PKfS8_
    0 bytes stack frame, 0 bytes spill stores, 0 bytes spill loads
ptxas info    : Used 40 registers, used 0 barriers, 488 bytes cmem[0]
ptxas info    : Compile time = 38.444 ms
ptxas info    : Compiling entry function '_ZN22gemma4_flash_attention35gemma4_sliding_qkv_norm_rope_kernelEP13__nv_bfloat16S1_S1_PKS0_S3_S3_S3_S3_PKfS5_i' for 'sm_86'
ptxas info    : Function properties for _ZN22gemma4_flash_attention35gemma4_sliding_qkv_norm_rope_kernelEP13__nv_bfloat16S1_S1_PKS0_S3_S3_S3_S3_PKfS5_i
    0 bytes stack frame, 0 bytes spill stores, 0 bytes spill loads
ptxas info    : Used 40 registers, used 0 barriers, 436 bytes cmem[0]
ptxas info    : Compile time = 28.318 ms
